Archive member included to satisfy reference by file (symbol)

/usr/lib/gcc/arm-none-eabi/13.2.1/../../../arm-none-eabi/lib/libc.a(libc_a-strncpy.o)
                              /home/cmdyc/Hexarch/src/RaspberryPi-FreeRTOS/build/FreeRTOS/Source/tasks.o (strncpy)
/usr/lib/gcc/arm-none-eabi/13.2.1/../../../arm-none-eabi/lib/libc.a(libc_a-memset.o)
                              /home/cmdyc/Hexarch/src/RaspberryPi-FreeRTOS/build/FreeRTOS/Source/tasks.o (memset)
/usr/lib/gcc/arm-none-eabi/13.2.1/../../../arm-none-eabi/lib/libc.a(libc_a-memcpy-stub.o)
                              /home/cmdyc/Hexarch/src/RaspberryPi-FreeRTOS/build/FreeRTOS/Source/queue.o (memcpy)

There are no discarded input sections

Memory Configuration

Name             Origin             Length             Attributes
RESERVED         0x00000000         0x00008000         r
INIT_RAM         0x00010000         0x00008000         xrw
RAM              0x00020000         0x08000000         xrw
*default*        0x00000000         0xffffffff

Linker script and memory map

LOAD /home/cmdyc/Hexarch/src/RaspberryPi-FreeRTOS/build/FreeRTOS/Source/portable/GCC/RaspberryPi/port.o
LOAD /home/cmdyc/Hexarch/src/RaspberryPi-FreeRTOS/build/FreeRTOS/Source/portable/GCC/RaspberryPi/portisr.o
LOAD /home/cmdyc/Hexarch/src/RaspberryPi-FreeRTOS/build/FreeRTOS/Source/croutine.o
LOAD /home/cmdyc/Hexarch/src/RaspberryPi-FreeRTOS/build/FreeRTOS/Source/list.o
LOAD /home/cmdyc/Hexarch/src/RaspberryPi-FreeRTOS/build/FreeRTOS/Source/queue.o
LOAD /home/cmdyc/Hexarch/src/RaspberryPi-FreeRTOS/build/FreeRTOS/Source/tasks.o
LOAD /home/cmdyc/Hexarch/src/RaspberryPi-FreeRTOS/build/Demo/Drivers/irq.o
LOAD /home/cmdyc/Hexarch/src/RaspberryPi-FreeRTOS/build/Demo/Drivers/gpio.o
LOAD /home/cmdyc/Hexarch/src/RaspberryPi-FreeRTOS/build//FreeRTOS/Source/portable/MemMang/heap_4.o
LOAD /home/cmdyc/Hexarch/src/RaspberryPi-FreeRTOS/build/Demo/startup.o
LOAD /home/cmdyc/Hexarch/src/RaspberryPi-FreeRTOS/build/Demo/main.o

.init           0x00010000       0xa4
 *(.init)
 .init          0x00010000       0xa4 /home/cmdyc/Hexarch/src/RaspberryPi-FreeRTOS/build/Demo/startup.o
                0x00010000                _start

.module_entries
                0x000100a4        0x0
                0x000100a4                        __module_entries_start = .
 *(.module_entries)
 *(.module_entries.*)
                0x000100a4                        __module_entries_end = .
                0x000100a4                        __module_entries_size = SIZEOF (.module_entries)

.text           0x00020000     0x47fc
 *(.text)
 .text          0x00020000      0x348 /home/cmdyc/Hexarch/src/RaspberryPi-FreeRTOS/build/FreeRTOS/Source/portable/GCC/RaspberryPi/port.o
                0x00020000                pxPortInitialiseStack
                0x00020240                xPortStartScheduler
                0x0002025c                vPortEndScheduler
                0x00020274                vTickISR
 .text          0x00020348      0x2ac /home/cmdyc/Hexarch/src/RaspberryPi-FreeRTOS/build/FreeRTOS/Source/portable/GCC/RaspberryPi/portisr.o
                0x00020348                vPortISRStartFirstTask
                0x000203e0                vPortYieldProcessor
                0x00020494                vFreeRTOS_ISR
                0x00020544                vPortEnterCritical
                0x00020588                vPortExitCritical
 .text          0x000205f4      0x768 /home/cmdyc/Hexarch/src/RaspberryPi-FreeRTOS/build/FreeRTOS/Source/croutine.o
                0x000205f4                xCoRoutineCreate
                0x0002075c                vCoRoutineAddToDelayedList
                0x00020b04                vCoRoutineSchedule
                0x00020cd0                xCoRoutineRemoveFromEventList
 .text          0x00020d5c      0x29c /home/cmdyc/Hexarch/src/RaspberryPi-FreeRTOS/build/FreeRTOS/Source/list.o
                0x00020d5c                vListInitialise
                0x00020dc4                vListInitialiseItem
                0x00020df0                vListInsertEnd
                0x00020e88                vListInsert
                0x00020f60                vListRemove
 .text          0x00020ff8      0xbb0 /home/cmdyc/Hexarch/src/RaspberryPi-FreeRTOS/build/FreeRTOS/Source/queue.o
                0x00020ff8                xQueueGenericReset
                0x0002110c                xQueueGenericCreate
                0x000211d4                xQueueGenericSend
                0x00021378                xQueueGenericSendFromISR
                0x00021454                xQueueGenericReceive
                0x00021658                xQueueReceiveFromISR
                0x00021738                uxQueueMessagesWaiting
                0x0002176c                uxQueueMessagesWaitingFromISR
                0x0002179c                vQueueDelete
                0x00021ad4                xQueueIsQueueEmptyFromISR
                0x00021b60                xQueueIsQueueFullFromISR
 .text          0x00021ba8     0x1924 /home/cmdyc/Hexarch/src/RaspberryPi-FreeRTOS/build/FreeRTOS/Source/tasks.o
                0x00021ba8                xTaskGenericCreate
                0x00021df4                vTaskDelete
                0x00021ef4                vTaskDelayUntil
                0x00022004                vTaskDelay
                0x00022088                uxTaskPriorityGet
                0x000220e0                vTaskPrioritySet
                0x00022288                vTaskSuspend
                0x0002238c                xTaskIsTaskSuspended
                0x00022408                vTaskResume
                0x00022500                xTaskResumeFromISR
                0x0002261c                vTaskStartScheduler
                0x000226b8                vTaskEndScheduler
                0x000226f0                vTaskSuspendAll
                0x00022720                xTaskResumeAll
                0x000228c4                xTaskGetTickCount
                0x000228f8                xTaskGetTickCountFromISR
                0x00022930                uxTaskGetNumberOfTasks
                0x00022954                vTaskIncrementTick
                0x00022b70                vTaskSetApplicationTaskTag
                0x00022bcc                xTaskGetApplicationTaskTag
                0x00022c28                xTaskCallApplicationTaskHook
                0x00022ca4                vTaskSwitchContext
                0x00022dac                vTaskPlaceOnEventList
                0x00022e48                xTaskRemoveFromEventList
                0x00022f60                vTaskSetTimeOutState
                0x00022fa8                xTaskCheckForTimeOut
                0x0002309c                vTaskMissedYield
 .text          0x000234cc      0x3a4 /home/cmdyc/Hexarch/src/RaspberryPi-FreeRTOS/build/Demo/Drivers/irq.o
                0x00023580                irqHandler
                0x00023620                irqUnblock
                0x0002363c                irqBlock
                0x00023658                irqRegister
                0x000236bc                irqEnable
                0x00023790                irqDisable
 .text          0x00023870      0x5d8 /home/cmdyc/Hexarch/src/RaspberryPi-FreeRTOS/build/Demo/Drivers/gpio.o
                0x00023870                SetGpioFunction
                0x0002394c                SetGpioDirection
                0x00023980                SetGpio
                0x00023a38                ReadGpio
                0x00023a88                EnableGpioDetect
                0x00023c38                DisableGpioDetect
                0x00023df0                ClearGpioInterrupt
 .text          0x00023e48      0x4ac /home/cmdyc/Hexarch/src/RaspberryPi-FreeRTOS/build//FreeRTOS/Source/portable/MemMang/heap_4.o
                0x00023e48                pvPortMalloc
                0x00024010                vPortFree
                0x0002408c                xPortGetFreeHeapSize
                0x000240b0                vPortInitialiseBlocks
 .text          0x000242f4       0x18 /home/cmdyc/Hexarch/src/RaspberryPi-FreeRTOS/build/Demo/startup.o
 .text          0x0002430c      0x210 /home/cmdyc/Hexarch/src/RaspberryPi-FreeRTOS/build/Demo/main.o
                0x0002430c                uart_putc
                0x0002435c                uart_puts
                0x000243a8                uart_init
                0x000243c0                task1
                0x00024414                task2
                0x00024470                main
 .text          0x0002451c       0xd0 /usr/lib/gcc/arm-none-eabi/13.2.1/../../../arm-none-eabi/lib/libc.a(libc_a-strncpy.o)
                0x0002451c                strncpy
 .text          0x000245ec       0xfc /usr/lib/gcc/arm-none-eabi/13.2.1/../../../arm-none-eabi/lib/libc.a(libc_a-memset.o)
                0x000245ec                memset
 .text          0x000246e8      0x114 /usr/lib/gcc/arm-none-eabi/13.2.1/../../../arm-none-eabi/lib/libc.a(libc_a-memcpy-stub.o)
                0x000246e8                memcpy

.rodata         0x000247fc       0x4a
 .rodata        0x000247fc        0x4 /home/cmdyc/Hexarch/src/RaspberryPi-FreeRTOS/build/FreeRTOS/Source/portable/GCC/RaspberryPi/port.o
 .rodata        0x00024800        0x5 /home/cmdyc/Hexarch/src/RaspberryPi-FreeRTOS/build/FreeRTOS/Source/tasks.o
 *fill*         0x00024805        0x3 
 .rodata        0x00024808        0x4 /home/cmdyc/Hexarch/src/RaspberryPi-FreeRTOS/build/Demo/Drivers/irq.o
 .rodata        0x0002480c        0x4 /home/cmdyc/Hexarch/src/RaspberryPi-FreeRTOS/build/Demo/Drivers/gpio.o
                0x0002480c                pRegs
 .rodata        0x00024810        0x8 /home/cmdyc/Hexarch/src/RaspberryPi-FreeRTOS/build//FreeRTOS/Source/portable/MemMang/heap_4.o
 .rodata        0x00024818       0x2e /home/cmdyc/Hexarch/src/RaspberryPi-FreeRTOS/build/Demo/main.o

.glue_7         0x00024848        0x0
 .glue_7        0x00024848        0x0 linker stubs

.glue_7t        0x00024848        0x0
 .glue_7t       0x00024848        0x0 linker stubs

.vfp11_veneer   0x00024848        0x0
 .vfp11_veneer  0x00024848        0x0 linker stubs

.v4_bx          0x00024848        0x0
 .v4_bx         0x00024848        0x0 linker stubs

.iplt           0x00024848        0x0
 .iplt          0x00024848        0x0 /home/cmdyc/Hexarch/src/RaspberryPi-FreeRTOS/build/FreeRTOS/Source/portable/GCC/RaspberryPi/port.o

.rel.dyn        0x00024848        0x0
 .rel.iplt      0x00024848        0x0 /home/cmdyc/Hexarch/src/RaspberryPi-FreeRTOS/build/FreeRTOS/Source/portable/GCC/RaspberryPi/port.o

.data           0x00024848        0xc
 *(.data)
 .data          0x00024848        0x0 /home/cmdyc/Hexarch/src/RaspberryPi-FreeRTOS/build/FreeRTOS/Source/portable/GCC/RaspberryPi/port.o
 .data          0x00024848        0x4 /home/cmdyc/Hexarch/src/RaspberryPi-FreeRTOS/build/FreeRTOS/Source/portable/GCC/RaspberryPi/portisr.o
                0x00024848                ulCriticalNesting
 .data          0x0002484c        0x0 /home/cmdyc/Hexarch/src/RaspberryPi-FreeRTOS/build/FreeRTOS/Source/croutine.o
 .data          0x0002484c        0x0 /home/cmdyc/Hexarch/src/RaspberryPi-FreeRTOS/build/FreeRTOS/Source/list.o
 .data          0x0002484c        0x0 /home/cmdyc/Hexarch/src/RaspberryPi-FreeRTOS/build/FreeRTOS/Source/queue.o
 .data          0x0002484c        0x4 /home/cmdyc/Hexarch/src/RaspberryPi-FreeRTOS/build/FreeRTOS/Source/tasks.o
 .data          0x00024850        0x0 /home/cmdyc/Hexarch/src/RaspberryPi-FreeRTOS/build/Demo/Drivers/irq.o
 .data          0x00024850        0x0 /home/cmdyc/Hexarch/src/RaspberryPi-FreeRTOS/build/Demo/Drivers/gpio.o
 .data          0x00024850        0x4 /home/cmdyc/Hexarch/src/RaspberryPi-FreeRTOS/build//FreeRTOS/Source/portable/MemMang/heap_4.o
 .data          0x00024854        0x0 /home/cmdyc/Hexarch/src/RaspberryPi-FreeRTOS/build/Demo/startup.o
 .data          0x00024854        0x0 /home/cmdyc/Hexarch/src/RaspberryPi-FreeRTOS/build/Demo/main.o
 .data          0x00024854        0x0 /usr/lib/gcc/arm-none-eabi/13.2.1/../../../arm-none-eabi/lib/libc.a(libc_a-strncpy.o)
 .data          0x00024854        0x0 /usr/lib/gcc/arm-none-eabi/13.2.1/../../../arm-none-eabi/lib/libc.a(libc_a-memset.o)
 .data          0x00024854        0x0 /usr/lib/gcc/arm-none-eabi/13.2.1/../../../arm-none-eabi/lib/libc.a(libc_a-memcpy-stub.o)

.igot.plt       0x00024854        0x0
 .igot.plt      0x00024854        0x0 /home/cmdyc/Hexarch/src/RaspberryPi-FreeRTOS/build/FreeRTOS/Source/portable/GCC/RaspberryPi/port.o

.bss            0x00024858     0x13e0
                0x00024858                        __bss_start = .
 *(.bss)
 .bss           0x00024858        0x0 /home/cmdyc/Hexarch/src/RaspberryPi-FreeRTOS/build/FreeRTOS/Source/portable/GCC/RaspberryPi/port.o
 .bss           0x00024858        0x4 /home/cmdyc/Hexarch/src/RaspberryPi-FreeRTOS/build/FreeRTOS/Source/portable/GCC/RaspberryPi/portisr.o
                0x00024858                g_bStarted
 .bss           0x0002485c       0x80 /home/cmdyc/Hexarch/src/RaspberryPi-FreeRTOS/build/FreeRTOS/Source/croutine.o
                0x000248c8                pxCurrentCoRoutine
 .bss           0x000248dc        0x0 /home/cmdyc/Hexarch/src/RaspberryPi-FreeRTOS/build/FreeRTOS/Source/list.o
 .bss           0x000248dc        0x0 /home/cmdyc/Hexarch/src/RaspberryPi-FreeRTOS/build/FreeRTOS/Source/queue.o
 .bss           0x000248dc      0x100 /home/cmdyc/Hexarch/src/RaspberryPi-FreeRTOS/build/FreeRTOS/Source/tasks.o
                0x000248dc                pxCurrentTCB
 .bss           0x000249dc      0x24c /home/cmdyc/Hexarch/src/RaspberryPi-FreeRTOS/build/Demo/Drivers/irq.o
 .bss           0x00024c28        0x0 /home/cmdyc/Hexarch/src/RaspberryPi-FreeRTOS/build/Demo/Drivers/gpio.o
 .bss           0x00024c28     0x1010 /home/cmdyc/Hexarch/src/RaspberryPi-FreeRTOS/build//FreeRTOS/Source/portable/MemMang/heap_4.o
                0x00025c34                allocated
 .bss           0x00025c38        0x0 /home/cmdyc/Hexarch/src/RaspberryPi-FreeRTOS/build/Demo/startup.o
 .bss           0x00025c38        0x0 /home/cmdyc/Hexarch/src/RaspberryPi-FreeRTOS/build/Demo/main.o
 .bss           0x00025c38        0x0 /usr/lib/gcc/arm-none-eabi/13.2.1/../../../arm-none-eabi/lib/libc.a(libc_a-strncpy.o)
 .bss           0x00025c38        0x0 /usr/lib/gcc/arm-none-eabi/13.2.1/../../../arm-none-eabi/lib/libc.a(libc_a-memset.o)
 .bss           0x00025c38        0x0 /usr/lib/gcc/arm-none-eabi/13.2.1/../../../arm-none-eabi/lib/libc.a(libc_a-memcpy-stub.o)
 *(.bss.*)
                0x00025c38                        __bss_end = .
                0x08020000                        _estack = (ORIGIN (RAM) + LENGTH (RAM))
LOAD /usr/lib/gcc/arm-none-eabi/13.2.1/libgcc.a
LOAD /usr/lib/gcc/arm-none-eabi/13.2.1/../../../arm-none-eabi/lib/libc.a
OUTPUT(kernel.elf elf32-littlearm)
LOAD linker stubs

.debug_info     0x00000000     0x31e1
 .debug_info    0x00000000      0x270 /home/cmdyc/Hexarch/src/RaspberryPi-FreeRTOS/build/FreeRTOS/Source/portable/GCC/RaspberryPi/port.o
 .debug_info    0x00000270      0x18b /home/cmdyc/Hexarch/src/RaspberryPi-FreeRTOS/build/FreeRTOS/Source/portable/GCC/RaspberryPi/portisr.o
 .debug_info    0x000003fb      0x521 /home/cmdyc/Hexarch/src/RaspberryPi-FreeRTOS/build/FreeRTOS/Source/croutine.o
 .debug_info    0x0000091c      0x281 /home/cmdyc/Hexarch/src/RaspberryPi-FreeRTOS/build/FreeRTOS/Source/list.o
 .debug_info    0x00000b9d      0x843 /home/cmdyc/Hexarch/src/RaspberryPi-FreeRTOS/build/FreeRTOS/Source/queue.o
 .debug_info    0x000013e0      0xe5d /home/cmdyc/Hexarch/src/RaspberryPi-FreeRTOS/build/FreeRTOS/Source/tasks.o
 .debug_info    0x0000223d      0x2b7 /home/cmdyc/Hexarch/src/RaspberryPi-FreeRTOS/build/Demo/Drivers/irq.o
 .debug_info    0x000024f4      0x3e4 /home/cmdyc/Hexarch/src/RaspberryPi-FreeRTOS/build/Demo/Drivers/gpio.o
 .debug_info    0x000028d8      0x2e7 /home/cmdyc/Hexarch/src/RaspberryPi-FreeRTOS/build//FreeRTOS/Source/portable/MemMang/heap_4.o
 .debug_info    0x00002bbf      0x251 /home/cmdyc/Hexarch/src/RaspberryPi-FreeRTOS/build/Demo/main.o
 .debug_info    0x00002e10      0x14a /usr/lib/gcc/arm-none-eabi/13.2.1/../../../arm-none-eabi/lib/libc.a(libc_a-strncpy.o)
 .debug_info    0x00002f5a      0x135 /usr/lib/gcc/arm-none-eabi/13.2.1/../../../arm-none-eabi/lib/libc.a(libc_a-memset.o)
 .debug_info    0x0000308f      0x152 /usr/lib/gcc/arm-none-eabi/13.2.1/../../../arm-none-eabi/lib/libc.a(libc_a-memcpy-stub.o)

.debug_abbrev   0x00000000     0x11e1
 .debug_abbrev  0x00000000      0x172 /home/cmdyc/Hexarch/src/RaspberryPi-FreeRTOS/build/FreeRTOS/Source/portable/GCC/RaspberryPi/port.o
 .debug_abbrev  0x00000172       0xf9 /home/cmdyc/Hexarch/src/RaspberryPi-FreeRTOS/build/FreeRTOS/Source/portable/GCC/RaspberryPi/portisr.o
 .debug_abbrev  0x0000026b      0x1e4 /home/cmdyc/Hexarch/src/RaspberryPi-FreeRTOS/build/FreeRTOS/Source/croutine.o
 .debug_abbrev  0x0000044f       0xcf /home/cmdyc/Hexarch/src/RaspberryPi-FreeRTOS/build/FreeRTOS/Source/list.o
 .debug_abbrev  0x0000051e      0x1d7 /home/cmdyc/Hexarch/src/RaspberryPi-FreeRTOS/build/FreeRTOS/Source/queue.o
 .debug_abbrev  0x000006f5      0x291 /home/cmdyc/Hexarch/src/RaspberryPi-FreeRTOS/build/FreeRTOS/Source/tasks.o
 .debug_abbrev  0x00000986      0x150 /home/cmdyc/Hexarch/src/RaspberryPi-FreeRTOS/build/Demo/Drivers/irq.o
 .debug_abbrev  0x00000ad6      0x16d /home/cmdyc/Hexarch/src/RaspberryPi-FreeRTOS/build/Demo/Drivers/gpio.o
 .debug_abbrev  0x00000c43      0x1e7 /home/cmdyc/Hexarch/src/RaspberryPi-FreeRTOS/build//FreeRTOS/Source/portable/MemMang/heap_4.o
 .debug_abbrev  0x00000e2a      0x178 /home/cmdyc/Hexarch/src/RaspberryPi-FreeRTOS/build/Demo/main.o
 .debug_abbrev  0x00000fa2       0xbe /usr/lib/gcc/arm-none-eabi/13.2.1/../../../arm-none-eabi/lib/libc.a(libc_a-strncpy.o)
 .debug_abbrev  0x00001060       0xb7 /usr/lib/gcc/arm-none-eabi/13.2.1/../../../arm-none-eabi/lib/libc.a(libc_a-memset.o)
 .debug_abbrev  0x00001117       0xca /usr/lib/gcc/arm-none-eabi/13.2.1/../../../arm-none-eabi/lib/libc.a(libc_a-memcpy-stub.o)

.debug_aranges  0x00000000      0x1a0
 .debug_aranges
                0x00000000       0x20 /home/cmdyc/Hexarch/src/RaspberryPi-FreeRTOS/build/FreeRTOS/Source/portable/GCC/RaspberryPi/port.o
 .debug_aranges
                0x00000020       0x20 /home/cmdyc/Hexarch/src/RaspberryPi-FreeRTOS/build/FreeRTOS/Source/portable/GCC/RaspberryPi/portisr.o
 .debug_aranges
                0x00000040       0x20 /home/cmdyc/Hexarch/src/RaspberryPi-FreeRTOS/build/FreeRTOS/Source/croutine.o
 .debug_aranges
                0x00000060       0x20 /home/cmdyc/Hexarch/src/RaspberryPi-FreeRTOS/build/FreeRTOS/Source/list.o
 .debug_aranges
                0x00000080       0x20 /home/cmdyc/Hexarch/src/RaspberryPi-FreeRTOS/build/FreeRTOS/Source/queue.o
 .debug_aranges
                0x000000a0       0x20 /home/cmdyc/Hexarch/src/RaspberryPi-FreeRTOS/build/FreeRTOS/Source/tasks.o
 .debug_aranges
                0x000000c0       0x20 /home/cmdyc/Hexarch/src/RaspberryPi-FreeRTOS/build/Demo/Drivers/irq.o
 .debug_aranges
                0x000000e0       0x20 /home/cmdyc/Hexarch/src/RaspberryPi-FreeRTOS/build/Demo/Drivers/gpio.o
 .debug_aranges
                0x00000100       0x20 /home/cmdyc/Hexarch/src/RaspberryPi-FreeRTOS/build//FreeRTOS/Source/portable/MemMang/heap_4.o
 .debug_aranges
                0x00000120       0x20 /home/cmdyc/Hexarch/src/RaspberryPi-FreeRTOS/build/Demo/main.o
 .debug_aranges
                0x00000140       0x20 /usr/lib/gcc/arm-none-eabi/13.2.1/../../../arm-none-eabi/lib/libc.a(libc_a-strncpy.o)
 .debug_aranges
                0x00000160       0x20 /usr/lib/gcc/arm-none-eabi/13.2.1/../../../arm-none-eabi/lib/libc.a(libc_a-memset.o)
 .debug_aranges
                0x00000180       0x20 /usr/lib/gcc/arm-none-eabi/13.2.1/../../../arm-none-eabi/lib/libc.a(libc_a-memcpy-stub.o)

.debug_line     0x00000000     0x2334
 .debug_line    0x00000000      0x228 /home/cmdyc/Hexarch/src/RaspberryPi-FreeRTOS/build/FreeRTOS/Source/portable/GCC/RaspberryPi/port.o
 .debug_line    0x00000228       0xe6 /home/cmdyc/Hexarch/src/RaspberryPi-FreeRTOS/build/FreeRTOS/Source/portable/GCC/RaspberryPi/portisr.o
 .debug_line    0x0000030e      0x327 /home/cmdyc/Hexarch/src/RaspberryPi-FreeRTOS/build/FreeRTOS/Source/croutine.o
 .debug_line    0x00000635      0x1ee /home/cmdyc/Hexarch/src/RaspberryPi-FreeRTOS/build/FreeRTOS/Source/list.o
 .debug_line    0x00000823      0x582 /home/cmdyc/Hexarch/src/RaspberryPi-FreeRTOS/build/FreeRTOS/Source/queue.o
 .debug_line    0x00000da5      0x872 /home/cmdyc/Hexarch/src/RaspberryPi-FreeRTOS/build/FreeRTOS/Source/tasks.o
 .debug_line    0x00001617      0x18f /home/cmdyc/Hexarch/src/RaspberryPi-FreeRTOS/build/Demo/Drivers/irq.o
 .debug_line    0x000017a6      0x1f0 /home/cmdyc/Hexarch/src/RaspberryPi-FreeRTOS/build/Demo/Drivers/gpio.o
 .debug_line    0x00001996      0x275 /home/cmdyc/Hexarch/src/RaspberryPi-FreeRTOS/build//FreeRTOS/Source/portable/MemMang/heap_4.o
 .debug_line    0x00001c0b      0x1f3 /home/cmdyc/Hexarch/src/RaspberryPi-FreeRTOS/build/Demo/main.o
 .debug_line    0x00001dfe      0x190 /usr/lib/gcc/arm-none-eabi/13.2.1/../../../arm-none-eabi/lib/libc.a(libc_a-strncpy.o)
 .debug_line    0x00001f8e      0x1b9 /usr/lib/gcc/arm-none-eabi/13.2.1/../../../arm-none-eabi/lib/libc.a(libc_a-memset.o)
 .debug_line    0x00002147      0x1ed /usr/lib/gcc/arm-none-eabi/13.2.1/../../../arm-none-eabi/lib/libc.a(libc_a-memcpy-stub.o)

.debug_str      0x00000000     0x1808
 .debug_str     0x00000000     0x1808 /home/cmdyc/Hexarch/src/RaspberryPi-FreeRTOS/build/FreeRTOS/Source/portable/GCC/RaspberryPi/port.o
                                0x299 (size before relaxing)
 .debug_str     0x00001808      0x1a8 /home/cmdyc/Hexarch/src/RaspberryPi-FreeRTOS/build/FreeRTOS/Source/portable/GCC/RaspberryPi/portisr.o
 .debug_str     0x00001808      0x4cb /home/cmdyc/Hexarch/src/RaspberryPi-FreeRTOS/build/FreeRTOS/Source/croutine.o
 .debug_str     0x00001808      0x27d /home/cmdyc/Hexarch/src/RaspberryPi-FreeRTOS/build/FreeRTOS/Source/list.o
 .debug_str     0x00001808      0x5f5 /home/cmdyc/Hexarch/src/RaspberryPi-FreeRTOS/build/FreeRTOS/Source/queue.o
 .debug_str     0x00001808      0x9cd /home/cmdyc/Hexarch/src/RaspberryPi-FreeRTOS/build/FreeRTOS/Source/tasks.o
 .debug_str     0x00001808      0x203 /home/cmdyc/Hexarch/src/RaspberryPi-FreeRTOS/build/Demo/Drivers/irq.o
 .debug_str     0x00001808      0x2e9 /home/cmdyc/Hexarch/src/RaspberryPi-FreeRTOS/build/Demo/Drivers/gpio.o
 .debug_str     0x00001808      0x30c /home/cmdyc/Hexarch/src/RaspberryPi-FreeRTOS/build//FreeRTOS/Source/portable/MemMang/heap_4.o
 .debug_str     0x00001808      0x20d /home/cmdyc/Hexarch/src/RaspberryPi-FreeRTOS/build/Demo/main.o
 .debug_str     0x00001808      0x198 /usr/lib/gcc/arm-none-eabi/13.2.1/../../../arm-none-eabi/lib/libc.a(libc_a-strncpy.o)
 .debug_str     0x00001808      0x182 /usr/lib/gcc/arm-none-eabi/13.2.1/../../../arm-none-eabi/lib/libc.a(libc_a-memset.o)
 .debug_str     0x00001808      0x19f /usr/lib/gcc/arm-none-eabi/13.2.1/../../../arm-none-eabi/lib/libc.a(libc_a-memcpy-stub.o)

.comment        0x00000000       0x26
 .comment       0x00000000       0x26 /home/cmdyc/Hexarch/src/RaspberryPi-FreeRTOS/build/FreeRTOS/Source/portable/GCC/RaspberryPi/port.o
                                 0x27 (size before relaxing)
 .comment       0x00000026       0x27 /home/cmdyc/Hexarch/src/RaspberryPi-FreeRTOS/build/FreeRTOS/Source/portable/GCC/RaspberryPi/portisr.o
 .comment       0x00000026       0x27 /home/cmdyc/Hexarch/src/RaspberryPi-FreeRTOS/build/FreeRTOS/Source/croutine.o
 .comment       0x00000026       0x27 /home/cmdyc/Hexarch/src/RaspberryPi-FreeRTOS/build/FreeRTOS/Source/list.o
 .comment       0x00000026       0x27 /home/cmdyc/Hexarch/src/RaspberryPi-FreeRTOS/build/FreeRTOS/Source/queue.o
 .comment       0x00000026       0x27 /home/cmdyc/Hexarch/src/RaspberryPi-FreeRTOS/build/FreeRTOS/Source/tasks.o
 .comment       0x00000026       0x27 /home/cmdyc/Hexarch/src/RaspberryPi-FreeRTOS/build/Demo/Drivers/irq.o
 .comment       0x00000026       0x27 /home/cmdyc/Hexarch/src/RaspberryPi-FreeRTOS/build/Demo/Drivers/gpio.o
 .comment       0x00000026       0x27 /home/cmdyc/Hexarch/src/RaspberryPi-FreeRTOS/build//FreeRTOS/Source/portable/MemMang/heap_4.o
 .comment       0x00000026       0x27 /home/cmdyc/Hexarch/src/RaspberryPi-FreeRTOS/build/Demo/main.o
 .comment       0x00000026       0x27 /usr/lib/gcc/arm-none-eabi/13.2.1/../../../arm-none-eabi/lib/libc.a(libc_a-strncpy.o)
 .comment       0x00000026       0x27 /usr/lib/gcc/arm-none-eabi/13.2.1/../../../arm-none-eabi/lib/libc.a(libc_a-memset.o)
 .comment       0x00000026       0x27 /usr/lib/gcc/arm-none-eabi/13.2.1/../../../arm-none-eabi/lib/libc.a(libc_a-memcpy-stub.o)

.ARM.attributes
                0x00000000       0x2c
 .ARM.attributes
                0x00000000       0x2e /home/cmdyc/Hexarch/src/RaspberryPi-FreeRTOS/build/FreeRTOS/Source/portable/GCC/RaspberryPi/port.o
 .ARM.attributes
                0x0000002e       0x2e /home/cmdyc/Hexarch/src/RaspberryPi-FreeRTOS/build/FreeRTOS/Source/portable/GCC/RaspberryPi/portisr.o
 .ARM.attributes
                0x0000005c       0x2e /home/cmdyc/Hexarch/src/RaspberryPi-FreeRTOS/build/FreeRTOS/Source/croutine.o
 .ARM.attributes
                0x0000008a       0x2e /home/cmdyc/Hexarch/src/RaspberryPi-FreeRTOS/build/FreeRTOS/Source/list.o
 .ARM.attributes
                0x000000b8       0x2e /home/cmdyc/Hexarch/src/RaspberryPi-FreeRTOS/build/FreeRTOS/Source/queue.o
 .ARM.attributes
                0x000000e6       0x2e /home/cmdyc/Hexarch/src/RaspberryPi-FreeRTOS/build/FreeRTOS/Source/tasks.o
 .ARM.attributes
                0x00000114       0x2e /home/cmdyc/Hexarch/src/RaspberryPi-FreeRTOS/build/Demo/Drivers/irq.o
 .ARM.attributes
                0x00000142       0x2e /home/cmdyc/Hexarch/src/RaspberryPi-FreeRTOS/build/Demo/Drivers/gpio.o
 .ARM.attributes
                0x00000170       0x2e /home/cmdyc/Hexarch/src/RaspberryPi-FreeRTOS/build//FreeRTOS/Source/portable/MemMang/heap_4.o
 .ARM.attributes
                0x0000019e       0x12 /home/cmdyc/Hexarch/src/RaspberryPi-FreeRTOS/build/Demo/startup.o
 .ARM.attributes
                0x000001b0       0x2e /home/cmdyc/Hexarch/src/RaspberryPi-FreeRTOS/build/Demo/main.o
 .ARM.attributes
                0x000001de       0x2a /usr/lib/gcc/arm-none-eabi/13.2.1/../../../arm-none-eabi/lib/libc.a(libc_a-strncpy.o)
 .ARM.attributes
                0x00000208       0x2a /usr/lib/gcc/arm-none-eabi/13.2.1/../../../arm-none-eabi/lib/libc.a(libc_a-memset.o)
 .ARM.attributes
                0x00000232       0x2a /usr/lib/gcc/arm-none-eabi/13.2.1/../../../arm-none-eabi/lib/libc.a(libc_a-memcpy-stub.o)

.debug_frame    0x00000000      0xd5c
 .debug_frame   0x00000000       0xac /home/cmdyc/Hexarch/src/RaspberryPi-FreeRTOS/build/FreeRTOS/Source/portable/GCC/RaspberryPi/port.o
 .debug_frame   0x000000ac       0x90 /home/cmdyc/Hexarch/src/RaspberryPi-FreeRTOS/build/FreeRTOS/Source/portable/GCC/RaspberryPi/portisr.o
 .debug_frame   0x0000013c       0xf0 /home/cmdyc/Hexarch/src/RaspberryPi-FreeRTOS/build/FreeRTOS/Source/croutine.o
 .debug_frame   0x0000022c       0xb0 /home/cmdyc/Hexarch/src/RaspberryPi-FreeRTOS/build/FreeRTOS/Source/list.o
 .debug_frame   0x000002dc      0x210 /home/cmdyc/Hexarch/src/RaspberryPi-FreeRTOS/build/FreeRTOS/Source/queue.o
 .debug_frame   0x000004ec      0x450 /home/cmdyc/Hexarch/src/RaspberryPi-FreeRTOS/build/FreeRTOS/Source/tasks.o
 .debug_frame   0x0000093c       0xf0 /home/cmdyc/Hexarch/src/RaspberryPi-FreeRTOS/build/Demo/Drivers/irq.o
 .debug_frame   0x00000a2c       0xf0 /home/cmdyc/Hexarch/src/RaspberryPi-FreeRTOS/build/Demo/Drivers/gpio.o
 .debug_frame   0x00000b1c       0xd0 /home/cmdyc/Hexarch/src/RaspberryPi-FreeRTOS/build//FreeRTOS/Source/portable/MemMang/heap_4.o
 .debug_frame   0x00000bec       0xc4 /home/cmdyc/Hexarch/src/RaspberryPi-FreeRTOS/build/Demo/main.o
 .debug_frame   0x00000cb0       0x3c /usr/lib/gcc/arm-none-eabi/13.2.1/../../../arm-none-eabi/lib/libc.a(libc_a-strncpy.o)
 .debug_frame   0x00000cec       0x34 /usr/lib/gcc/arm-none-eabi/13.2.1/../../../arm-none-eabi/lib/libc.a(libc_a-memset.o)
 .debug_frame   0x00000d20       0x3c /usr/lib/gcc/arm-none-eabi/13.2.1/../../../arm-none-eabi/lib/libc.a(libc_a-memcpy-stub.o)

.debug_loclists
                0x00000000      0x44e
 .debug_loclists
                0x00000000      0x11f /usr/lib/gcc/arm-none-eabi/13.2.1/../../../arm-none-eabi/lib/libc.a(libc_a-strncpy.o)
 .debug_loclists
                0x0000011f      0x1c9 /usr/lib/gcc/arm-none-eabi/13.2.1/../../../arm-none-eabi/lib/libc.a(libc_a-memset.o)
 .debug_loclists
                0x000002e8      0x166 /usr/lib/gcc/arm-none-eabi/13.2.1/../../../arm-none-eabi/lib/libc.a(libc_a-memcpy-stub.o)
